
> tripne-nextjs@0.1.0 build
> next build

Γû▓ Next.js 16.1.6 (Turbopack)
- Environments: .env.local

  Creating an optimized production build ...
Γ£ô Compiled successfully in 7.5s
  Running TypeScript ...
  Collecting page data using 11 workers ...
  Generating static pages using 11 workers (0/14) ...
  Generating static pages using 11 workers (3/14) 
  Generating static pages using 11 workers (6/14) 
  Generating static pages using 11 workers (10/14) 
Γ£ô Generating static pages using 11 workers (14/14) in 534.9ms
  Finalizing page optimization ...

Route (app)
Γöî Γùï /
Γö£ Γùï /_not-found
Γö£ ╞Æ /account
Γö£ ╞Æ /account/bookings
Γö£ ╞Æ /account/payments
Γö£ ╞Æ /account/profile
Γö£ ╞Æ /api/auth/[...nextauth]
Γö£ ╞Æ /api/chat
Γö£ ╞Æ /assam
Γö£ Γùï /destinations
Γö£ Γùï /login
Γö£ Γùï /packages
Γöö Γùï /why-us


Γùï  (Static)   prerendered as static content
╞Æ  (Dynamic)  server-rendered on demand

