
> tripne-nextjs@0.1.0 build
> next build

Γû▓ Next.js 16.1.6 (Turbopack)
- Environments: .env.local

  Creating an optimized production build ...
Γ£ô Compiled successfully in 7.3s
  Running TypeScript ...
node.exe : Failed to compile.
At line:1 char:1
+ & "D:\Node/node.exe" 
"D:\Node/node_modules/npm/bin/npm-cli.js" run bu ...
+ ~~~~~~~~~~~~~~~~~~~~~~~~~~~~~~~~~~~~~~~~~~~~~~~~~~~~~~
~~~~~~~~~~~~~~~
    + CategoryInfo          : NotSpecified: (Failed to  
   compile.:String) [], RemoteException
    + FullyQualifiedErrorId : NativeCommandError
 

./app/api/chat/route.ts:13:5
Type error: Type 'import("D:/work/tripne migration works
pace/tripne-nextjs/node_modules/@ai-sdk/groq/node_module
s/@ai-sdk/provider/dist/index").LanguageModelV1' is not 
assignable to type 'import("D:/work/tripne migration wor
kspace/tripne-nextjs/node_modules/@ai-sdk/ui-utils/node_
modules/@ai-sdk/provider/dist/index").LanguageModelV1'.
  The types returned by 'doStream(...)' are 
incompatible between these types.
    Type 'PromiseLike<{ stream: 
ReadableStream<import("D:/work/tripne migration workspac
e/tripne-nextjs/node_modules/@ai-sdk/groq/node_modules/@
ai-sdk/provider/dist/index").LanguageModelV1StreamPart>;
 rawCall: { ...; }; rawResponse?: { ...; } | undefined; 
warnings?: import("D:/work/tripne migration 
workspace/tripne-nextjs/nod...' is not assignable to 
type 'PromiseLike<{ stream: 
ReadableStream<import("D:/work/tripne migration workspac
e/tripne-nextjs/node_modules/@ai-sdk/ui-utils/node_modul
es/@ai-sdk/provider/dist/index").LanguageModelV1StreamPa
rt>; rawCall: { ...; }; rawResponse?: { ...; } | 
undefined; warnings?: import("D:/work/tripne migration 
workspace/tripne-nextjs...'.
      Type '{ stream: 
ReadableStream<import("D:/work/tripne migration workspac
e/tripne-nextjs/node_modules/@ai-sdk/groq/node_modules/@
ai-sdk/provider/dist/index").LanguageModelV1StreamPart>;
 rawCall: { ...; }; rawResponse?: { ...; } | undefined; 
warnings?: import("D:/work/tripne migration 
workspace/tripne-nextjs/node_modules/@a...' is not 
assignable to type '{ stream: 
ReadableStream<import("D:/work/tripne migration workspac
e/tripne-nextjs/node_modules/@ai-sdk/ui-utils/node_modul
es/@ai-sdk/provider/dist/index").LanguageModelV1StreamPa
rt>; rawCall: { ...; }; rawResponse?: { ...; } | 
undefined; warnings?: import("D:/work/tripne migration 
workspace/tripne-nextjs/node_module...'.
        Types of property 'stream' are incompatible.
          Type 'ReadableStream<import("D:/work/tripne 
migration workspace/tripne-nextjs/node_modules/@ai-sdk/g
roq/node_modules/@ai-sdk/provider/dist/index").LanguageM
odelV1StreamPart>' is not assignable to type 
'ReadableStream<import("D:/work/tripne migration workspa
ce/tripne-nextjs/node_modules/@ai-sdk/ui-utils/node_modu
les/@ai-sdk/provider/dist/index").LanguageModelV1StreamP
art>'.
            Type 'import("D:/work/tripne migration works
pace/tripne-nextjs/node_modules/@ai-sdk/groq/node_module
s/@ai-sdk/provider/dist/index").LanguageModelV1StreamPar
t' is not assignable to type 'import("D:/work/tripne 
migration workspace/tripne-nextjs/node_modules/@ai-sdk/u
i-utils/node_modules/@ai-sdk/provider/dist/index").Langu
ageModelV1StreamPart'.
              Type '{ type: "response-metadata"; id?: 
string | undefined; timestamp?: Date | undefined; 
modelId?: string | undefined; }' is not assignable to 
type 'LanguageModelV1StreamPart'.
                Property 'error' is missing in type '{ 
type: "response-metadata"; id?: string | undefined; 
timestamp?: Date | undefined; modelId?: string | 
undefined; }' but required in type '{ type: "error"; 
error: unknown; }'.

[0m [90m 11 |[39m
 [90m 12 |[39m   [36mconst[39m result [33m=[39m 
[36mawait[39m streamText({
[31m[1m>[22m[39m[90m 13 |[39m     
model[33m:[39m 
groq([32m'llama-3.3-70b-versatile'[39m)[33m,[39m
 [90m    |[39m     [31m[1m^[22m[39m
 [90m 14 |[39m     messages[33m,[39m
 [90m 15 |[39m     system[33m:[39m [32m"You are 
the elite travel concierge for TripNE, specializing 
exclusively in Northeast India. You are polite, highly 
knowledgeable, and your goal is to help users plan 
their dream trips to the Seven Sisters and One Brother 
states."[39m
 [90m 16 |[39m   })[33m;[39m[0m
Next.js build worker exited with code: 1 and signal: 
null
